
> andon-dashboard@0.1.0 build
> next build

node.exe : [baseline-browser-mapping] The data in this module is over two 
months old.  To ensure accurate Baseline data, please update: `npm i 
baseline-browser-mapping@latest -D`
At line:1 char:1
+ & "C:\Program Files\nodejs/node.exe" "C:\Program Files\nodejs/node_mo ...
+ ~~~~~~~~~~~~~~~~~~~~~~~~~~~~~~~~~~~~~~~~~~~~~~~~~~~~~~~~~~~~~~~~~~~~~
    + CategoryInfo          : NotSpecified: ([baseline-brows...ping@latest -D` 
   :String) [], RemoteException
    + FullyQualifiedErrorId : NativeCommandError
 
   Γû▓ Next.js 16.0.10 (Turbopack)
   - Environments: .env

 ΓÜá The "middleware" file convention is deprecated. Please use "proxy" 
instead. Learn more: https://nextjs.org/docs/messages/middleware-to-proxy
   Creating an optimized production build ...
[baseline-browser-mapping] The data in this module is over two months old.  To 
ensure accurate Baseline data, please update: `npm i 
baseline-browser-mapping@latest -D`
 Γ£ô Compiled successfully in 2.5s
   Running TypeScript ...
Failed to compile.

./app/penugasan-operator/page.tsx:16:11
Type error: Type 'import("D:/Kode 
Program/Dashboard-Monitoring-Andon-System/lib/queries/operator").Operator[]' 
is not assignable to type 'Operator[]'.
  Type 'Operator' is missing the following properties from type 'Operator': 
rf_id, nip, skill_level, work_hours, and 3 more.

[0m [90m 14 |[39m         [33m<[39m[33mPenugasanOperatorClient[39m 
 [90m 15 |[39m           statistics[33m=[39m{statistics}
[31m[1m>[22m[39m[90m 16 |[39m           operators[33m=[39m{operators}
 [90m    |[39m           [31m[1m^[22m[39m
 [90m 17 |[39m         [33m/[39m[33m>[39m
 [90m 18 |[39m       [33m<[39m[33m/[39m[33mModernSidebar[39m[33m>[39m
 [90m 19 |[39m     )[33m;[39m[0m
Next.js build worker exited with code: 1 and signal: null
